
> app@0.1.0 build
> next build

Γû▓ Next.js 16.2.2 (Turbopack)

  Creating an optimized production build ...
Γ£ô Compiled successfully in 5.8s
  Running TypeScript ...
node.exe : Failed to type check.
At C:\Program 
Files\nodejs\npm.ps1:29 char:3
+   & $NODE_EXE $NPM_CLI_JS $args
+   ~~~~~~~~~~~~~~~~~~~~~~~~~~~~~
    + CategoryInfo          : Not 
   Specified: (Failed to type ch  
  eck.:String) [], RemoteExcept   
 ion
    + FullyQualifiedErrorId : Nat 
   iveCommandError
 

./src/components/dashboard/Spendin
gBreakdownChart.tsx:67:15
Type error: Type '(value: number) 
=> string' is not assignable to 
type 'Formatter<ValueType, 
NameType> & ((value: ValueType, 
name: NameType, item: 
TooltipPayloadEntry, index: 
number, payload: TooltipPayload) 
=> ReactNode | [...])'.
  Type '(value: number) => 
string' is not assignable to type 
'Formatter<ValueType, NameType>'.
    Types of parameters 'value' 
and 'value' are incompatible.
      Type 'ValueType | 
undefined' is not assignable to 
type 'number'.
        Type 'undefined' is not 
assignable to type 'number'.

  [90m65 |[0m             
</[33mPie[0m>
  [90m66 |[0m             
{data.length > [35m0[0m && 
<[33mTooltip[0m
[31m[1m>[0m [90m67 |[0m      
         formatter={(value: 
number) => [32m`$[0m${value.toLo
caleString()[32m}`[0m}
  [90m   |[0m               
[31m[1m^[0m
  [90m68 |[0m               
contentStyle={{ 
  [90m69 |[0m                 
backgroundColor: isDark ? 
[32m'#0f172a'[0m : 
[32m'#ffffff'[0m, 
  [90m70 |[0m                 
borderRadius: [32m'12px'[0m, 
Next.js build worker exited with 
code: 1 and signal: null
